
> web@0.1.0 dev
> next dev --port 3000

▲ Next.js 16.2.0 (Turbopack)
- Local:         http://localhost:3000
- Network:       http://192.168.1.120:3000
- Environments: .env.local
✓ Ready in 2.9s
⚠ Slow filesystem detected. The benchmark took 307ms. If C:\Users\user\Documents\Red scroller V1\apps/web/.next/dev is a network drive, consider moving it to a local folder.
See more: https://nextjs.org/docs/app/guides/local-development
⚠ The "middleware" file convention is deprecated. Please use "proxy" instead. Learn more: https://nextjs.org/docs/messages/middleware-to-proxy

Attention: Clerk collects telemetry data from its SDKs when connected to development instances.
The data collected is used to inform Clerk's product roadmap.
To learn more, including how to opt-out from the telemetry program, visit: https://clerk.com/docs/telemetry.

 GET /login 200 in 4.2s (next.js: 1264ms, proxy.ts: 855ms, application-code: 2.1s)
 GET /login 200 in 7.2s (next.js: 210ms, proxy.ts: 4.8s, application-code: 2.2s)
[browser] Clerk: Clerk has been loaded with development keys. Development instances have strict usage limits and should not be used when deploying your application to production. Learn more: https://clerk.com/docs/deployments/overview (file://C:/Users/user/Documents/Red scroller V1/apps/web/.next/dev/static/chunks/node_modules_next_dist_115brz8._.js:2431:13)
 GET / 200 in 3.8s (next.js: 208ms, proxy.ts: 3.0s, application-code: 601ms)
 GET /login 200 in 3.5s (next.js: 18ms, proxy.ts: 3.1s, application-code: 408ms)
 GET /login 200 in 3.5s (next.js: 7ms, proxy.ts: 3.0s, application-code: 459ms)
 GET / 200 in 4.6s (next.js: 34ms, proxy.ts: 4.0s, application-code: 513ms)
 GET /login 200 in 3.0s (next.js: 82ms, proxy.ts: 2.6s, application-code: 367ms)
 GET /login 200 in 4.3s (next.js: 101ms, proxy.ts: 3.4s, application-code: 790ms)
 GET / 200 in 3.6s (next.js: 12ms, proxy.ts: 3.2s, application-code: 392ms)
 GET /login 200 in 3.7s (next.js: 96ms, proxy.ts: 3.2s, application-code: 338ms)
 GET /login 200 in 3.6s (next.js: 17ms, proxy.ts: 3.2s, application-code: 302ms)
 GET / 200 in 3.1s (next.js: 27ms, proxy.ts: 2.9s, application-code: 248ms)
 GET /login 200 in 3.3s (next.js: 18ms, proxy.ts: 3.1s, application-code: 215ms)
 GET /login 200 in 3.1s (next.js: 43ms, proxy.ts: 2.8s, application-code: 279ms)
 GET / 200 in 3.6s (next.js: 25ms, proxy.ts: 3.3s, application-code: 295ms)
 GET /login 200 in 3.5s (next.js: 133ms, proxy.ts: 2.9s, application-code: 494ms)
 GET /login 200 in 4.2s (next.js: 11ms, proxy.ts: 3.3s, application-code: 845ms)
 GET / 200 in 4.2s (next.js: 21ms, proxy.ts: 3.8s, application-code: 369ms)
 GET /login 200 in 3.6s (next.js: 22ms, proxy.ts: 3.3s, application-code: 286ms)
 GET /login 200 in 3.8s (next.js: 57ms, proxy.ts: 3.5s, application-code: 221ms)
 GET / 200 in 3.8s (next.js: 41ms, proxy.ts: 3.3s, application-code: 459ms)
 GET /login 200 in 3.5s (next.js: 10ms, proxy.ts: 3.3s, application-code: 204ms)
 GET /login 200 in 3.5s (next.js: 93ms, proxy.ts: 3.0s, application-code: 350ms)
 GET / 200 in 7.1s (next.js: 158ms, proxy.ts: 3.7s, application-code: 3.3s)
 GET /login 200 in 5.4s (next.js: 16ms, proxy.ts: 5.0s, application-code: 366ms)
 GET /login 200 in 3.6s (next.js: 110ms, proxy.ts: 3.1s, application-code: 425ms)
 GET / 200 in 9.8s (next.js: 93ms, proxy.ts: 3.9s, application-code: 5.7s)
 GET /login 200 in 8.5s (next.js: 78ms, proxy.ts: 7.9s, application-code: 529ms)
 GET /login 200 in 5.8s (next.js: 624ms, proxy.ts: 4.0s, application-code: 1141ms)
 GET / 200 in 5.2s (next.js: 673ms, proxy.ts: 4.0s, application-code: 601ms)
 GET /login 200 in 4.5s (next.js: 291ms, proxy.ts: 3.9s, application-code: 273ms)
 GET /login 200 in 3.8s (next.js: 152ms, proxy.ts: 3.1s, application-code: 531ms)
 GET / 200 in 6.2s (next.js: 743ms, proxy.ts: 3.9s, application-code: 1546ms)
 GET /login 200 in 3.8s (next.js: 481ms, proxy.ts: 2.9s, application-code: 428ms)
 GET /login 200 in 5.4s (next.js: 275ms, proxy.ts: 3.6s, application-code: 1539ms)
 GET / 200 in 5.5s (next.js: 164ms, proxy.ts: 4.4s, application-code: 985ms)
 GET /login 200 in 4.3s (next.js: 61ms, proxy.ts: 3.5s, application-code: 749ms)
 GET /login 200 in 4.1s (next.js: 142ms, proxy.ts: 3.2s, application-code: 773ms)
 GET / 200 in 5.2s (next.js: 366ms, proxy.ts: 3.2s, application-code: 1584ms)
 GET /login 200 in 3.9s (next.js: 12ms, proxy.ts: 3.3s, application-code: 589ms)
 GET /login 200 in 4.9s (next.js: 266ms, proxy.ts: 3.8s, application-code: 776ms)
 GET / 200 in 5.2s (next.js: 25ms, proxy.ts: 3.9s, application-code: 1348ms)
 GET /login 200 in 3.9s (next.js: 76ms, proxy.ts: 3.3s, application-code: 499ms)
 GET /login 200 in 5.1s (next.js: 75ms, proxy.ts: 3.7s, application-code: 1312ms)
 GET / 200 in 5.1s (next.js: 348ms, proxy.ts: 4.1s, application-code: 672ms)
 GET /login 200 in 3.2s (next.js: 32ms, proxy.ts: 2.6s, application-code: 517ms)
 GET /login 200 in 3.6s (next.js: 134ms, proxy.ts: 3.0s, application-code: 400ms)
 GET / 200 in 4.6s (next.js: 91ms, proxy.ts: 3.3s, application-code: 1209ms)
 GET /login 200 in 3.2s (next.js: 51ms, proxy.ts: 3.0s, application-code: 154ms)
 GET /login 200 in 3.5s (next.js: 84ms, proxy.ts: 2.9s, application-code: 510ms)
 GET / 200 in 3.8s (next.js: 64ms, proxy.ts: 3.3s, application-code: 377ms)
 GET /login 200 in 4.0s (next.js: 100ms, proxy.ts: 3.3s, application-code: 535ms)
 GET /login 200 in 4.2s (next.js: 38ms, proxy.ts: 3.9s, application-code: 229ms)
 GET / 200 in 4.4s (next.js: 140ms, proxy.ts: 3.3s, application-code: 939ms)
 GET /login 200 in 3.9s (next.js: 208ms, proxy.ts: 3.4s, application-code: 307ms)
 GET /login 200 in 3.2s (next.js: 127ms, proxy.ts: 2.6s, application-code: 455ms)
 GET / 200 in 3.9s (next.js: 39ms, proxy.ts: 3.6s, application-code: 223ms)
 GET /login 200 in 3.5s (next.js: 67ms, proxy.ts: 2.8s, application-code: 657ms)
 GET /login 200 in 3.6s (next.js: 124ms, proxy.ts: 3.0s, application-code: 483ms)
 GET / 200 in 3.2s (next.js: 46ms, proxy.ts: 3.0s, application-code: 212ms)
 GET /login 200 in 3.2s (next.js: 99ms, proxy.ts: 2.6s, application-code: 548ms)
 GET /login 200 in 4.3s (next.js: 144ms, proxy.ts: 3.4s, application-code: 738ms)
 GET / 200 in 5.2s (next.js: 126ms, proxy.ts: 4.2s, application-code: 881ms)
 GET /login 200 in 4.1s (next.js: 19ms, proxy.ts: 3.7s, application-code: 423ms)
 GET /login 200 in 3.5s (next.js: 46ms, proxy.ts: 3.1s, application-code: 299ms)
 GET / 200 in 3.8s (next.js: 32ms, proxy.ts: 3.6s, application-code: 159ms)
 GET /login 200 in 4.0s (next.js: 54ms, proxy.ts: 3.5s, application-code: 467ms)
 GET /login 200 in 3.2s (next.js: 174ms, proxy.ts: 2.6s, application-code: 474ms)
 GET / 200 in 3.9s (next.js: 133ms, proxy.ts: 3.2s, application-code: 538ms)
 GET /login 200 in 3.1s (next.js: 26ms, proxy.ts: 2.8s, application-code: 292ms)
 GET /login 200 in 3.5s (next.js: 42ms, proxy.ts: 2.7s, application-code: 763ms)
 GET / 200 in 4.7s (next.js: 145ms, proxy.ts: 3.7s, application-code: 823ms)
 GET /login 200 in 3.9s (next.js: 15ms, proxy.ts: 3.4s, application-code: 439ms)
 GET /login 200 in 4.0s (next.js: 23ms, proxy.ts: 3.7s, application-code: 280ms)
 GET / 200 in 2.8s (next.js: 49ms, proxy.ts: 2.5s, application-code: 314ms)
 GET /login 200 in 2.6s (next.js: 13ms, proxy.ts: 2.5s, application-code: 101ms)
 GET /login 200 in 2.5s (next.js: 11ms, proxy.ts: 2.4s, application-code: 97ms)
 GET / 200 in 2.8s (next.js: 17ms, proxy.ts: 2.5s, application-code: 292ms)
 GET /login 200 in 2.9s (next.js: 16ms, proxy.ts: 2.7s, application-code: 137ms)
 GET /login 200 in 2.9s (next.js: 20ms, proxy.ts: 2.7s, application-code: 248ms)
 GET / 200 in 3.2s (next.js: 40ms, proxy.ts: 2.9s, application-code: 305ms)
 GET /login 200 in 3.2s (next.js: 33ms, proxy.ts: 3.0s, application-code: 192ms)
 GET /login 200 in 3.2s (next.js: 37ms, proxy.ts: 2.9s, application-code: 261ms)
 GET / 200 in 3.6s (next.js: 102ms, proxy.ts: 3.2s, application-code: 235ms)
 GET /login 200 in 3.0s (next.js: 19ms, proxy.ts: 2.8s, application-code: 203ms)
 GET /login 200 in 3.0s (next.js: 36ms, proxy.ts: 2.7s, application-code: 221ms)
 GET / 200 in 3.1s (next.js: 26ms, proxy.ts: 2.8s, application-code: 212ms)
 GET /login 200 in 3.2s (next.js: 11ms, proxy.ts: 3.1s, application-code: 132ms)
 GET /login 200 in 10.4s (next.js: 127ms, proxy.ts: 6.5s, application-code: 3.8s)
[browser] ClerkRuntimeError: Clerk: Failed to load Clerk JS

(code="failed_to_load_clerk_js")


    at rejectWith (http://localhost:3000/_next/static/chunks/node_modules_0crzwc~._.js:12448:33)
    at loadClerkJSScript (http://localhost:3000/_next/static/chunks/node_modules_0crzwc~._.js:12466:85)
    at async IsomorphicClerk.getClerkJsEntryChunk (http://localhost:3000/_next/static/chunks/node_modules_0crzwc~._.js:14435:100)
    at async IsomorphicClerk.getEntryChunks (http://localhost:3000/_next/static/chunks/node_modules_0crzwc~._.js:14414:27) 
    at IsomorphicClerk.getEntryChunks (file://C:/Users/user/Documents/Red scroller V1/apps/web/.next/dev/static/chunks/node_modules_0crzwc~._.js:14430:21) (file://C:/Users/user/Documents/Red scroller V1/apps/web/.next/dev/static/chunks/node_modules_0crzwc~._.js:14430:21)
[browser] ⨯ unhandledRejection: ClerkRuntimeError: Clerk: Failed to load Clerk JS, failed to load script: https://crisp-halibut-91.clerk.accounts.dev/npm/@clerk/clerk-js@6/dist/clerk.browser.js

(code="failed_to_load_clerk_js")


    at rejectWith (file://C:/Users/user/Documents/Red scroller V1/apps/web/.next/dev/static/chunks/node_modules_0crzwc~._.js:12448:33)
    at <unknown> (file://C:/Users/user/Documents/Red scroller V1/apps/web/.next/dev/static/chunks/node_modules_0crzwc~._.js:12473:15)

C:\Users\user\Documents\Red scroller V1\apps\web>