[Nest] 11512  - 10/08/2026, 21:52:33   ERROR [NestApplication] Error: listen EADDRINUSE: address already in use :::3001 +21ms
node:net:1948
    const ex = new UVExceptionWithHostPort(err, 'listen', address, port);
               ^

Error: listen EADDRINUSE: address already in use :::3001
    at Server.setupListenHandle [as _listen2] (node:net:1948:16)
    at listenInCluster (node:net:2005:12)
    at Server.listen (node:net:2110:7)
    at ExpressAdapter.listen (C:\Users\user\Documents\Red scroller V1\node_modules\@nestjs\platform-express\adapters\express-adapter.js:115:32)
    at C:\Users\user\Documents\Red scroller V1\node_modules\@nestjs\core\nest-application.js:190:30
    at new Promise (<anonymous>)
    at NestApplication.listen (C:\Users\user\Documents\Red scroller V1\node_modules\@nestjs\core\nest-application.js:180:16)
    at async bootstrap (C:\Users\user\Documents\Red scroller V1\apps\api\dist\main.js:9:5) {
  code: 'EADDRINUSE',
  errno: -4091,
  syscall: 'listen',
  address: '::',
  port: 3001
}

Node.js v24.14.1
